
*** Running vivado
    with args -log xfft_0.vds -m64 -product Vivado -mode batch -messageDb vivado.pb -notrace -source xfft_0.tcl


****** Vivado v2024.2 (64-bit)
  **** SW Build 5239630 on Fri Nov 08 22:34:34 MST 2024
  **** IP Build 5239520 on Sun Nov 10 16:12:51 MST 2024
  **** SharedData Build 5239561 on Fri Nov 08 14:39:27 MST 2024
  **** Start of session at: Wed Sep 30 11:31:17 2026
    ** Copyright 1986-2022 Xilinx, Inc. All Rights Reserved.
    ** Copyright 2022-2024 Advanced Micro Devices, Inc. All Rights Reserved.

source xfft_0.tcl -notrace
INFO: [IP_Flow 19-6924] IPCACHE: Running cache check for IP inst: xfft_0
Command: synth_design -top xfft_0 -part xc7a35tcpg236-1 -incremental_mode off -mode out_of_context
Starting synth_design
Attempting to get a license for feature 'Synthesis' and/or device 'xc7a35t'
INFO: [Common 17-349] Got license for feature 'Synthesis' and/or device 'xc7a35t'
INFO: [Device 21-403] Loading part xc7a35tcpg236-1
INFO: [Synth 8-7079] Multithreading enabled for synth_design using a maximum of 7 processes.
INFO: [Synth 8-7078] Launching helper process for spawning children vivado processes
INFO: [Synth 8-7075] Helper process launched with PID 220858
---------------------------------------------------------------------------------
Starting RTL Elaboration : Time (s): cpu = 00:00:06 ; elapsed = 00:00:07 . Memory (MB): peak = 1869.211 ; gain = 392.742 ; free physical = 1787 ; free virtual = 37501
---------------------------------------------------------------------------------
INFO: [Synth 8-638] synthesizing module 'xfft_0' [/home/user13/Documents/MoonLab/lab_AMD/pitch_fft_voice/pitch_fft_voice.gen/sources_1/ip/xfft_0_1/synth/xfft_0.vhd:83]
	Parameter C_XDEVICEFAMILY bound to: artix7 - type: string 
	Parameter C_PART bound to: xc7a35tcpg236-1 - type: string 
	Parameter C_S_AXIS_CONFIG_TDATA_WIDTH bound to: 8 - type: integer 
	Parameter C_S_AXIS_DATA_TDATA_WIDTH bound to: 32 - type: integer 
	Parameter C_M_AXIS_DATA_TDATA_WIDTH bound to: 64 - type: integer 
	Parameter C_M_AXIS_DATA_TUSER_WIDTH bound to: 1 - type: integer 
	Parameter C_M_AXIS_STATUS_TDATA_WIDTH bound to: 1 - type: integer 
	Parameter C_THROTTLE_SCHEME bound to: 1 - type: integer 
	Parameter C_NSSR bound to: 1 - type: integer 
	Parameter C_CHANNELS bound to: 1 - type: integer 
	Parameter C_NFFT_MAX bound to: 9 - type: integer 
	Parameter C_ARCH bound to: 2 - type: integer 
	Parameter C_HAS_NFFT bound to: 0 - type: integer 
	Parameter C_USE_FLT_PT bound to: 0 - type: integer 
	Parameter C_INPUT_WIDTH bound to: 16 - type: integer 
	Parameter C_TWIDDLE_WIDTH bound to: 16 - type: integer 
	Parameter C_OUTPUT_WIDTH bound to: 26 - type: integer 
	Parameter C_HAS_SCALING bound to: 0 - type: integer 
	Parameter C_HAS_BFP bound to: 0 - type: integer 
	Parameter C_HAS_ROUNDING bound to: 0 - type: integer 
	Parameter C_HAS_ACLKEN bound to: 0 - type: integer 
	Parameter C_HAS_ARESETN bound to: 1 - type: integer 
	Parameter C_HAS_OVFLO bound to: 0 - type: integer 
	Parameter C_HAS_NATURAL_INPUT bound to: 1 - type: integer 
	Parameter C_HAS_NATURAL_OUTPUT bound to: 1 - type: integer 
	Parameter C_HAS_CYCLIC_PREFIX bound to: 0 - type: integer 
	Parameter C_HAS_XK_INDEX bound to: 0 - type: integer 
	Parameter C_DATA_MEM_TYPE bound to: 1 - type: integer 
	Parameter C_TWIDDLE_MEM_TYPE bound to: 1 - type: integer 
	Parameter C_BRAM_STAGES bound to: 0 - type: integer 
	Parameter C_REORDER_MEM_TYPE bound to: 1 - type: integer 
	Parameter C_USE_HYBRID_RAM bound to: 0 - type: integer 
	Parameter C_OPTIMIZE_GOAL bound to: 0 - type: integer 
	Parameter C_CMPY_TYPE bound to: 1 - type: integer 
	Parameter C_BFLY_TYPE bound to: 0 - type: integer 
	Parameter C_SYSTOLICFFT_INV bound to: 0 - type: integer 
INFO: [Synth 8-3491] module 'xfft_v9_1_13' declared at '/home/user13/Documents/MoonLab/lab_AMD/pitch_fft_voice/pitch_fft_voice.gen/sources_1/ip/xfft_0_1/hdl/xfft_v9_1.vhd:58' bound to instance 'U0' of component 'xfft_v9_1_13' [/home/user13/Documents/MoonLab/lab_AMD/pitch_fft_voice/pitch_fft_voice.gen/sources_1/ip/xfft_0_1/synth/xfft_0.vhd:205]
INFO: [Synth 8-256] done synthesizing module 'xfft_0' (0#1) [/home/user13/Documents/MoonLab/lab_AMD/pitch_fft_voice/pitch_fft_voice.gen/sources_1/ip/xfft_0_1/synth/xfft_0.vhd:83]
WARNING: [Synth 8-7129] Port AINIT in module c_reg_fd_v12_0_10_viv__parameterized2 is either unconnected or has no load
WARNING: [Synth 8-7129] Port ACLR in module c_reg_fd_v12_0_10_viv__parameterized2 is either unconnected or has no load
WARNING: [Synth 8-7129] Port ASET in module c_reg_fd_v12_0_10_viv__parameterized2 is either unconnected or has no load
WARNING: [Synth 8-7129] Port SINIT in module c_reg_fd_v12_0_10_viv__parameterized2 is either unconnected or has no load
WARNING: [Synth 8-7129] Port SCLR in module c_reg_fd_v12_0_10_viv__parameterized2 is either unconnected or has no load
WARNING: [Synth 8-7129] Port SSET in module c_reg_fd_v12_0_10_viv__parameterized2 is either unconnected or has no load
WARNING: [Synth 8-7129] Port add in module c_addsub_v12_0_19_lut6_legacy__parameterized9 is either unconnected or has no load
WARNING: [Synth 8-7129] Port c_in in module c_addsub_v12_0_19_lut6_legacy__parameterized9 is either unconnected or has no load
WARNING: [Synth 8-7129] Port bypass in module c_addsub_v12_0_19_lut6_legacy__parameterized9 is either unconnected or has no load
WARNING: [Synth 8-7129] Port sclr in module c_addsub_v12_0_19_lut6_legacy__parameterized9 is either unconnected or has no load
WARNING: [Synth 8-7129] Port sset in module c_addsub_v12_0_19_lut6_legacy__parameterized9 is either unconnected or has no load
WARNING: [Synth 8-7129] Port sinit in module c_addsub_v12_0_19_lut6_legacy__parameterized9 is either unconnected or has no load
WARNING: [Synth 8-7129] Port c_in in module c_addsub_v12_0_19_legacy__parameterized9 is either unconnected or has no load
WARNING: [Synth 8-7129] Port b_in in module c_addsub_v12_0_19_legacy__parameterized9 is either unconnected or has no load
WARNING: [Synth 8-7129] Port a_signed in module c_addsub_v12_0_19_legacy__parameterized9 is either unconnected or has no load
WARNING: [Synth 8-7129] Port b_signed in module c_addsub_v12_0_19_legacy__parameterized9 is either unconnected or has no load
WARNING: [Synth 8-7129] Port C_IN in module c_addsub_v12_0_19_viv__parameterized4 is either unconnected or has no load
WARNING: [Synth 8-7129] Port add in module c_addsub_v12_0_19_lut6_legacy__parameterized7 is either unconnected or has no load
WARNING: [Synth 8-7129] Port c_in in module c_addsub_v12_0_19_lut6_legacy__parameterized7 is either unconnected or has no load
WARNING: [Synth 8-7129] Port bypass in module c_addsub_v12_0_19_lut6_legacy__parameterized7 is either unconnected or has no load
WARNING: [Synth 8-7129] Port sclr in module c_addsub_v12_0_19_lut6_legacy__parameterized7 is either unconnected or has no load
WARNING: [Synth 8-7129] Port sset in module c_addsub_v12_0_19_lut6_legacy__parameterized7 is either unconnected or has no load
WARNING: [Synth 8-7129] Port sinit in module c_addsub_v12_0_19_lut6_legacy__parameterized7 is either unconnected or has no load
WARNING: [Synth 8-7129] Port c_in in module c_addsub_v12_0_19_legacy__parameterized7 is either unconnected or has no load
WARNING: [Synth 8-7129] Port b_in in module c_addsub_v12_0_19_legacy__parameterized7 is either unconnected or has no load
WARNING: [Synth 8-7129] Port a_signed in module c_addsub_v12_0_19_legacy__parameterized7 is either unconnected or has no load
WARNING: [Synth 8-7129] Port b_signed in module c_addsub_v12_0_19_legacy__parameterized7 is either unconnected or has no load
WARNING: [Synth 8-7129] Port C_IN in module c_addsub_v12_0_19_viv__parameterized3 is either unconnected or has no load
WARNING: [Synth 8-7129] Port CLK in module cmpy_v6_0_25_delay_line__parameterized4 is either unconnected or has no load
WARNING: [Synth 8-7129] Port CE in module cmpy_v6_0_25_delay_line__parameterized4 is either unconnected or has no load
WARNING: [Synth 8-7129] Port SCLR in module cmpy_v6_0_25_delay_line__parameterized4 is either unconnected or has no load
WARNING: [Synth 8-7129] Port CLK in module mult_gen_v12_0_22_delay_line__parameterized5 is either unconnected or has no load
WARNING: [Synth 8-7129] Port CE in module mult_gen_v12_0_22_delay_line__parameterized5 is either unconnected or has no load
WARNING: [Synth 8-7129] Port SCLR in module mult_gen_v12_0_22_delay_line__parameterized5 is either unconnected or has no load
WARNING: [Synth 8-7129] Port SCLR in module mult_gen_v12_0_22_delay_line__parameterized4 is either unconnected or has no load
WARNING: [Synth 8-7129] Port SCLR in module mult_gen_v12_0_22_delay_line__parameterized3 is either unconnected or has no load
WARNING: [Synth 8-7129] Port SCLR in module mult_gen_v12_0_22_delay_line__parameterized1 is either unconnected or has no load
WARNING: [Synth 8-7129] Port SCLR in module mult_gen_v12_0_22_delay_line__parameterized0 is either unconnected or has no load
WARNING: [Synth 8-7129] Port SCLR in module mult_gen_v12_0_22_delay_line is either unconnected or has no load
WARNING: [Synth 8-7129] Port SUBTRACT in module dsp__parameterized1 is either unconnected or has no load
WARNING: [Synth 8-7129] Port CARRY_IN in module dsp__parameterized1 is either unconnected or has no load
WARNING: [Synth 8-7129] Port CLK in module cmpy_v6_0_25_delay_line__parameterized2 is either unconnected or has no load
WARNING: [Synth 8-7129] Port CE in module cmpy_v6_0_25_delay_line__parameterized2 is either unconnected or has no load
WARNING: [Synth 8-7129] Port SCLR in module cmpy_v6_0_25_delay_line__parameterized2 is either unconnected or has no load
WARNING: [Synth 8-7129] Port SCLR in module cmpy_v6_0_25_delay_line__parameterized1 is either unconnected or has no load
WARNING: [Synth 8-7129] Port CLK in module cmpy_v6_0_25_delay_line__parameterized0 is either unconnected or has no load
WARNING: [Synth 8-7129] Port CE in module cmpy_v6_0_25_delay_line__parameterized0 is either unconnected or has no load
WARNING: [Synth 8-7129] Port SCLR in module cmpy_v6_0_25_delay_line__parameterized0 is either unconnected or has no load
WARNING: [Synth 8-7129] Port CLK in module mult_gen_v12_0_22_delay_line__parameterized8 is either unconnected or has no load
WARNING: [Synth 8-7129] Port CE in module mult_gen_v12_0_22_delay_line__parameterized8 is either unconnected or has no load
WARNING: [Synth 8-7129] Port SCLR in module mult_gen_v12_0_22_delay_line__parameterized8 is either unconnected or has no load
WARNING: [Synth 8-7129] Port CLK in module mult_gen_v12_0_22_delay_line__parameterized7 is either unconnected or has no load
WARNING: [Synth 8-7129] Port CE in module mult_gen_v12_0_22_delay_line__parameterized7 is either unconnected or has no load
WARNING: [Synth 8-7129] Port SCLR in module mult_gen_v12_0_22_delay_line__parameterized7 is either unconnected or has no load
WARNING: [Synth 8-7129] Port CLK in module mult_gen_v12_0_22_delay_line__parameterized6 is either unconnected or has no load
WARNING: [Synth 8-7129] Port CE in module mult_gen_v12_0_22_delay_line__parameterized6 is either unconnected or has no load
WARNING: [Synth 8-7129] Port SCLR in module mult_gen_v12_0_22_delay_line__parameterized6 is either unconnected or has no load
WARNING: [Synth 8-7129] Port D_PORT[24] in module dsp__parameterized0 is either unconnected or has no load
WARNING: [Synth 8-7129] Port D_PORT[23] in module dsp__parameterized0 is either unconnected or has no load
WARNING: [Synth 8-7129] Port D_PORT[22] in module dsp__parameterized0 is either unconnected or has no load
WARNING: [Synth 8-7129] Port D_PORT[21] in module dsp__parameterized0 is either unconnected or has no load
WARNING: [Synth 8-7129] Port D_PORT[20] in module dsp__parameterized0 is either unconnected or has no load
WARNING: [Synth 8-7129] Port D_PORT[19] in module dsp__parameterized0 is either unconnected or has no load
WARNING: [Synth 8-7129] Port D_PORT[18] in module dsp__parameterized0 is either unconnected or has no load
WARNING: [Synth 8-7129] Port D_PORT[17] in module dsp__parameterized0 is either unconnected or has no load
WARNING: [Synth 8-7129] Port D_PORT[16] in module dsp__parameterized0 is either unconnected or has no load
WARNING: [Synth 8-7129] Port D_PORT[15] in module dsp__parameterized0 is either unconnected or has no load
WARNING: [Synth 8-7129] Port D_PORT[14] in module dsp__parameterized0 is either unconnected or has no load
WARNING: [Synth 8-7129] Port D_PORT[13] in module dsp__parameterized0 is either unconnected or has no load
WARNING: [Synth 8-7129] Port D_PORT[12] in module dsp__parameterized0 is either unconnected or has no load
WARNING: [Synth 8-7129] Port D_PORT[11] in module dsp__parameterized0 is either unconnected or has no load
WARNING: [Synth 8-7129] Port D_PORT[10] in module dsp__parameterized0 is either unconnected or has no load
WARNING: [Synth 8-7129] Port D_PORT[9] in module dsp__parameterized0 is either unconnected or has no load
WARNING: [Synth 8-7129] Port D_PORT[8] in module dsp__parameterized0 is either unconnected or has no load
WARNING: [Synth 8-7129] Port D_PORT[7] in module dsp__parameterized0 is either unconnected or has no load
WARNING: [Synth 8-7129] Port D_PORT[6] in module dsp__parameterized0 is either unconnected or has no load
WARNING: [Synth 8-7129] Port D_PORT[5] in module dsp__parameterized0 is either unconnected or has no load
WARNING: [Synth 8-7129] Port D_PORT[4] in module dsp__parameterized0 is either unconnected or has no load
WARNING: [Synth 8-7129] Port D_PORT[3] in module dsp__parameterized0 is either unconnected or has no load
WARNING: [Synth 8-7129] Port D_PORT[2] in module dsp__parameterized0 is either unconnected or has no load
WARNING: [Synth 8-7129] Port D_PORT[1] in module dsp__parameterized0 is either unconnected or has no load
WARNING: [Synth 8-7129] Port D_PORT[0] in module dsp__parameterized0 is either unconnected or has no load
WARNING: [Synth 8-7129] Port SUBTRACT in module dsp__parameterized0 is either unconnected or has no load
WARNING: [Synth 8-7129] Port CARRY_IN in module dsp__parameterized0 is either unconnected or has no load
WARNING: [Synth 8-7129] Port C[11] in module cmpy_3_dsp48_mult__parameterized0 is either unconnected or has no load
WARNING: [Synth 8-7129] Port C[10] in module cmpy_3_dsp48_mult__parameterized0 is either unconnected or has no load
WARNING: [Synth 8-7129] Port C[9] in module cmpy_3_dsp48_mult__parameterized0 is either unconnected or has no load
WARNING: [Synth 8-7129] Port C[8] in module cmpy_3_dsp48_mult__parameterized0 is either unconnected or has no load
WARNING: [Synth 8-7129] Port C[7] in module cmpy_3_dsp48_mult__parameterized0 is either unconnected or has no load
WARNING: [Synth 8-7129] Port C[6] in module cmpy_3_dsp48_mult__parameterized0 is either unconnected or has no load
WARNING: [Synth 8-7129] Port C[5] in module cmpy_3_dsp48_mult__parameterized0 is either unconnected or has no load
WARNING: [Synth 8-7129] Port C[4] in module cmpy_3_dsp48_mult__parameterized0 is either unconnected or has no load
WARNING: [Synth 8-7129] Port C[3] in module cmpy_3_dsp48_mult__parameterized0 is either unconnected or has no load
WARNING: [Synth 8-7129] Port C[2] in module cmpy_3_dsp48_mult__parameterized0 is either unconnected or has no load
WARNING: [Synth 8-7129] Port C[1] in module cmpy_3_dsp48_mult__parameterized0 is either unconnected or has no load
WARNING: [Synth 8-7129] Port C[0] in module cmpy_3_dsp48_mult__parameterized0 is either unconnected or has no load
WARNING: [Synth 8-7129] Port CLK in module cmpy_v6_0_25_delay_line__parameterized3 is either unconnected or has no load
WARNING: [Synth 8-7129] Port CE in module cmpy_v6_0_25_delay_line__parameterized3 is either unconnected or has no load
WARNING: [Synth 8-7129] Port SCLR in module cmpy_v6_0_25_delay_line__parameterized3 is either unconnected or has no load
WARNING: [Synth 8-7129] Port CLK in module mult_gen_v12_0_22_delay_line__parameterized2 is either unconnected or has no load
INFO: [Common 17-14] Message 'Synth 8-7129' appears 100 times and further instances of the messages will be disabled. Use the Tcl command set_msg_config to change the current settings.
---------------------------------------------------------------------------------
Finished RTL Elaboration : Time (s): cpu = 00:00:28 ; elapsed = 00:00:30 . Memory (MB): peak = 2547.719 ; gain = 1071.250 ; free physical = 1159 ; free virtual = 36851
---------------------------------------------------------------------------------
---------------------------------------------------------------------------------
Start Handling Custom Attributes
---------------------------------------------------------------------------------
---------------------------------------------------------------------------------
Finished Handling Custom Attributes : Time (s): cpu = 00:00:28 ; elapsed = 00:00:30 . Memory (MB): peak = 2547.719 ; gain = 1071.250 ; free physical = 1161 ; free virtual = 36853
---------------------------------------------------------------------------------
---------------------------------------------------------------------------------
Finished RTL Optimization Phase 1 : Time (s): cpu = 00:00:28 ; elapsed = 00:00:30 . Memory (MB): peak = 2547.719 ; gain = 1071.250 ; free physical = 1161 ; free virtual = 36853
---------------------------------------------------------------------------------
Netlist sorting complete. Time (s): cpu = 00:00:00.06 ; elapsed = 00:00:00.05 . Memory (MB): peak = 2547.719 ; gain = 0.000 ; free physical = 1165 ; free virtual = 36856
INFO: [Netlist 29-17] Analyzing 400 Unisim elements for replacement
INFO: [Netlist 29-28] Unisim Transformation completed in 0 CPU seconds
INFO: [Project 1-570] Preparing netlist for logic optimization

Processing XDC Constraints
Initializing timing engine
Parsing XDC File [/home/user13/Documents/MoonLab/lab_AMD/pitch_fft_voice/pitch_fft_voice.gen/sources_1/ip/xfft_0_1/xfft_0_ooc.xdc] for cell 'U0'
Finished Parsing XDC File [/home/user13/Documents/MoonLab/lab_AMD/pitch_fft_voice/pitch_fft_voice.gen/sources_1/ip/xfft_0_1/xfft_0_ooc.xdc] for cell 'U0'
Parsing XDC File [/home/user13/Documents/MoonLab/lab_AMD/pitch_fft_voice/pitch_fft_voice.runs/xfft_0_synth_1/dont_touch.xdc]
Finished Parsing XDC File [/home/user13/Documents/MoonLab/lab_AMD/pitch_fft_voice/pitch_fft_voice.runs/xfft_0_synth_1/dont_touch.xdc]
Completed Processing XDC Constraints

Netlist sorting complete. Time (s): cpu = 00:00:00 ; elapsed = 00:00:00 . Memory (MB): peak = 2611.750 ; gain = 0.000 ; free physical = 1178 ; free virtual = 36870
INFO: [Project 1-111] Unisim Transformation Summary:
  A total of 12 instances were transformed.
  FDE => FDRE: 12 instances

Constraint Validation Runtime : Time (s): cpu = 00:00:00.09 ; elapsed = 00:00:00.05 . Memory (MB): peak = 2611.750 ; gain = 0.000 ; free physical = 1178 ; free virtual = 36870
INFO: [Designutils 20-5008] Incremental synthesis strategy off
---------------------------------------------------------------------------------
Finished Constraint Validation : Time (s): cpu = 00:00:35 ; elapsed = 00:00:37 . Memory (MB): peak = 2611.750 ; gain = 1135.281 ; free physical = 1159 ; free virtual = 36850
---------------------------------------------------------------------------------
---------------------------------------------------------------------------------
Start Loading Part and Timing Information
---------------------------------------------------------------------------------
Loading part: xc7a35tcpg236-1
---------------------------------------------------------------------------------
Finished Loading Part and Timing Information : Time (s): cpu = 00:00:35 ; elapsed = 00:00:37 . Memory (MB): peak = 2619.754 ; gain = 1143.285 ; free physical = 1159 ; free virtual = 36850
---------------------------------------------------------------------------------
---------------------------------------------------------------------------------
Start Applying 'set_property' XDC Constraints
---------------------------------------------------------------------------------
Applied set_property KEEP_HIERARCHY = SOFT for U0. (constraint file  /home/user13/Documents/MoonLab/lab_AMD/pitch_fft_voice/pitch_fft_voice.runs/xfft_0_synth_1/dont_touch.xdc, line 9).
---------------------------------------------------------------------------------
Finished applying 'set_property' XDC Constraints : Time (s): cpu = 00:00:35 ; elapsed = 00:00:37 . Memory (MB): peak = 2619.754 ; gain = 1143.285 ; free physical = 1159 ; free virtual = 36850
---------------------------------------------------------------------------------
---------------------------------------------------------------------------------
Finished RTL Optimization Phase 2 : Time (s): cpu = 00:00:36 ; elapsed = 00:00:38 . Memory (MB): peak = 2619.754 ; gain = 1143.285 ; free physical = 1151 ; free virtual = 36850
---------------------------------------------------------------------------------
---------------------------------------------------------------------------------
Start RTL Component Statistics 
---------------------------------------------------------------------------------
---------------------------------------------------------------------------------
Finished RTL Component Statistics 
---------------------------------------------------------------------------------
---------------------------------------------------------------------------------
Start Part Resource Summary
---------------------------------------------------------------------------------
Part Resources:
DSPs: 90 (col length:60)
BRAMs: 100 (col length: RAMB18 60 RAMB36 30)
---------------------------------------------------------------------------------
Finished Part Resource Summary
---------------------------------------------------------------------------------
---------------------------------------------------------------------------------
Start Cross Boundary and Area Optimization
---------------------------------------------------------------------------------
WARNING: [Synth 8-7080] Parallel synthesis criteria is not met
INFO: [Synth 8-3332] Sequential element (non_native_floating_point.xfft_inst/non_floating_point.arch_c.xfft_inst/control/twiddle_address_generator/n512.mux9/use_mux16.use_lut6.sixteen_to_one_mux[8].use_output_reg_and_pipe_reg.reg0) is unused and will be removed from module xfft_v9_1_13_viv.
INFO: [Synth 8-3332] Sequential element (non_native_floating_point.xfft_inst/non_floating_point.arch_c.xfft_inst/control/twiddle_address_generator/n512.mux9/use_mux16.use_lut6.sixteen_to_one_mux[8].use_output_reg_and_pipe_reg.reg1) is unused and will be removed from module xfft_v9_1_13_viv.
INFO: [Synth 8-3332] Sequential element (non_native_floating_point.xfft_inst/non_floating_point.arch_c.xfft_inst/control/cntrl/max_rank_flops[3].max_rank_ff) is unused and will be removed from module xfft_v9_1_13_viv.
INFO: [Synth 8-3332] Sequential element (non_native_floating_point.xfft_inst/non_floating_point.arch_c.xfft_inst/control/delay_line_for_xk_index/no_sclr_lut.real_shift_ram.use_baseblock.use_hlutnm_srls.srl_loop[0].i_fdre0) is unused and will be removed from module xfft_v9_1_13_viv.
INFO: [Synth 8-3332] Sequential element (non_native_floating_point.xfft_inst/non_floating_point.arch_c.xfft_inst/control/delay_line_for_xk_index/no_sclr_lut.real_shift_ram.use_baseblock.use_hlutnm_srls.srl_loop[0].i_fdre1) is unused and will be removed from module xfft_v9_1_13_viv.
INFO: [Synth 8-3332] Sequential element (non_native_floating_point.xfft_inst/non_floating_point.arch_c.xfft_inst/control/delay_line_for_xk_index/no_sclr_lut.real_shift_ram.use_baseblock.use_hlutnm_srls.srl_loop[1].i_fdre0) is unused and will be removed from module xfft_v9_1_13_viv.
INFO: [Synth 8-3332] Sequential element (non_native_floating_point.xfft_inst/non_floating_point.arch_c.xfft_inst/control/delay_line_for_xk_index/no_sclr_lut.real_shift_ram.use_baseblock.use_hlutnm_srls.srl_loop[1].i_fdre1) is unused and will be removed from module xfft_v9_1_13_viv.
INFO: [Synth 8-3332] Sequential element (non_native_floating_point.xfft_inst/non_floating_point.arch_c.xfft_inst/control/delay_line_for_xk_index/no_sclr_lut.real_shift_ram.use_baseblock.use_hlutnm_srls.srl_loop[2].i_fdre0) is unused and will be removed from module xfft_v9_1_13_viv.
INFO: [Synth 8-3332] Sequential element (non_native_floating_point.xfft_inst/non_floating_point.arch_c.xfft_inst/control/delay_line_for_xk_index/no_sclr_lut.real_shift_ram.use_baseblock.use_hlutnm_srls.srl_loop[2].i_fdre1) is unused and will be removed from module xfft_v9_1_13_viv.
INFO: [Synth 8-3332] Sequential element (non_native_floating_point.xfft_inst/non_floating_point.arch_c.xfft_inst/control/delay_line_for_xk_index/no_sclr_lut.real_shift_ram.use_baseblock.use_hlutnm_srls.srl_loop[3].i_fdre0) is unused and will be removed from module xfft_v9_1_13_viv.
INFO: [Synth 8-3332] Sequential element (non_native_floating_point.xfft_inst/non_floating_point.arch_c.xfft_inst/control/delay_line_for_xk_index/no_sclr_lut.real_shift_ram.use_baseblock.use_hlutnm_srls.srl_loop[3].i_fdre1) is unused and will be removed from module xfft_v9_1_13_viv.
INFO: [Synth 8-3332] Sequential element (non_native_floating_point.xfft_inst/non_floating_point.arch_c.xfft_inst/control/delay_line_for_xk_index/no_sclr_lut.real_shift_ram.use_baseblock.use_hlutnm_srls.runt_srl_loop.i_fdre) is unused and will be removed from module xfft_v9_1_13_viv.
---------------------------------------------------------------------------------
Finished Cross Boundary and Area Optimization : Time (s): cpu = 00:00:38 ; elapsed = 00:00:40 . Memory (MB): peak = 2619.754 ; gain = 1143.285 ; free physical = 971 ; free virtual = 36682
---------------------------------------------------------------------------------
---------------------------------------------------------------------------------
Start Applying XDC Timing Constraints
---------------------------------------------------------------------------------
---------------------------------------------------------------------------------
Finished Applying XDC Timing Constraints : Time (s): cpu = 00:00:45 ; elapsed = 00:00:47 . Memory (MB): peak = 2619.754 ; gain = 1143.285 ; free physical = 766 ; free virtual = 36478
---------------------------------------------------------------------------------
---------------------------------------------------------------------------------
Start Timing Optimization
---------------------------------------------------------------------------------
---------------------------------------------------------------------------------
Finished Timing Optimization : Time (s): cpu = 00:00:45 ; elapsed = 00:00:47 . Memory (MB): peak = 2619.754 ; gain = 1143.285 ; free physical = 766 ; free virtual = 36475
---------------------------------------------------------------------------------
---------------------------------------------------------------------------------
Start Technology Mapping
---------------------------------------------------------------------------------
---------------------------------------------------------------------------------
Finished Technology Mapping : Time (s): cpu = 00:00:46 ; elapsed = 00:00:48 . Memory (MB): peak = 2619.754 ; gain = 1143.285 ; free physical = 779 ; free virtual = 36485
---------------------------------------------------------------------------------
---------------------------------------------------------------------------------
Start IO Insertion
---------------------------------------------------------------------------------
---------------------------------------------------------------------------------
Start Flattening Before IO Insertion
---------------------------------------------------------------------------------
---------------------------------------------------------------------------------
Finished Flattening Before IO Insertion
---------------------------------------------------------------------------------
---------------------------------------------------------------------------------
Start Final Netlist Cleanup
---------------------------------------------------------------------------------
---------------------------------------------------------------------------------
Finished Final Netlist Cleanup
---------------------------------------------------------------------------------
---------------------------------------------------------------------------------
Finished IO Insertion : Time (s): cpu = 00:00:49 ; elapsed = 00:00:51 . Memory (MB): peak = 2619.754 ; gain = 1143.285 ; free physical = 805 ; free virtual = 36506
---------------------------------------------------------------------------------
---------------------------------------------------------------------------------
Start Renaming Generated Instances
---------------------------------------------------------------------------------
---------------------------------------------------------------------------------
Finished Renaming Generated Instances : Time (s): cpu = 00:00:49 ; elapsed = 00:00:51 . Memory (MB): peak = 2619.754 ; gain = 1143.285 ; free physical = 805 ; free virtual = 36506
---------------------------------------------------------------------------------
---------------------------------------------------------------------------------
Start Rebuilding User Hierarchy
---------------------------------------------------------------------------------
---------------------------------------------------------------------------------
Finished Rebuilding User Hierarchy : Time (s): cpu = 00:00:49 ; elapsed = 00:00:51 . Memory (MB): peak = 2619.754 ; gain = 1143.285 ; free physical = 806 ; free virtual = 36507
---------------------------------------------------------------------------------
---------------------------------------------------------------------------------
Start Renaming Generated Ports
---------------------------------------------------------------------------------
---------------------------------------------------------------------------------
Finished Renaming Generated Ports : Time (s): cpu = 00:00:49 ; elapsed = 00:00:51 . Memory (MB): peak = 2619.754 ; gain = 1143.285 ; free physical = 806 ; free virtual = 36507
---------------------------------------------------------------------------------
---------------------------------------------------------------------------------
Start Handling Custom Attributes
---------------------------------------------------------------------------------
---------------------------------------------------------------------------------
Finished Handling Custom Attributes : Time (s): cpu = 00:00:49 ; elapsed = 00:00:51 . Memory (MB): peak = 2619.754 ; gain = 1143.285 ; free physical = 806 ; free virtual = 36507
---------------------------------------------------------------------------------
---------------------------------------------------------------------------------
Start Renaming Generated Nets
---------------------------------------------------------------------------------
---------------------------------------------------------------------------------
Finished Renaming Generated Nets : Time (s): cpu = 00:00:49 ; elapsed = 00:00:51 . Memory (MB): peak = 2619.754 ; gain = 1143.285 ; free physical = 806 ; free virtual = 36507
---------------------------------------------------------------------------------
---------------------------------------------------------------------------------
Start Writing Synthesis Report
---------------------------------------------------------------------------------

DSP Final Report (the ' indicates corresponding REG is set)
+--------------------+-------------------------------+--------+--------+--------+--------+--------+------+------+------+------+-------+------+------+
|Module Name         | DSP Mapping                   | A Size | B Size | C Size | D Size | P Size | AREG | BREG | CREG | DREG | ADREG | MREG | PREG | 
+--------------------+-------------------------------+--------+--------+--------+--------+--------+------+------+------+------+-------+------+------+
|dsp                 | (C'-(((D'+A'')'*B'')'))'      | 25     | 17     | 48     | 25     | 17     | 2    | 2    | 1    | 1    | 1     | 1    | 1    | 
|dsp                 | (PCIN>>17-(((D'+A')'*B'')'))' | 0      | 18     | -      | 25     | 43     | 1    | 2    | -    | 1    | 1     | 1    | 1    | 
|dsp__parameterized0 | (C+(A''*B')')'                | 25     | 17     | 11     | -      | 17     | 2    | 1    | 0    | -    | -     | 1    | 1    | 
|dsp__parameterized0 | (PCIN>>17+(A'*B'')')'         | 0      | 18     | -      | -      | 43     | 1    | 2    | -    | -    | -     | 1    | 1    | 
|dsp__parameterized1 | (C'+((D'-A'')'*B'')')'        | 25     | 17     | 48     | 25     | 17     | 2    | 2    | 1    | 1    | 1     | 1    | 1    | 
|dsp__parameterized1 | (PCIN>>17+((D'-A')'*B'')')'   | 0      | 18     | -      | 25     | 43     | 1    | 2    | -    | 1    | 1     | 1    | 1    | 
+--------------------+-------------------------------+--------+--------+--------+--------+--------+------+------+------+------+-------+------+------+


Report BlackBoxes: 
+-+--------------+----------+
| |BlackBox name |Instances |
+-+--------------+----------+
+-+--------------+----------+

Report Cell Usage: 
+------+---------+------+
|      |Cell     |Count |
+------+---------+------+
|1     |CARRY4   |    12|
|2     |DSP48E1  |     6|
|6     |LUT1     |    20|
|7     |LUT2     |   165|
|8     |LUT3     |   239|
|9     |LUT4     |    55|
|10    |LUT5     |    38|
|11    |LUT6     |   230|
|12    |MUXCY    |   155|
|13    |MUXF7    |    32|
|14    |MUXF8    |    16|
|15    |RAMB18E1 |     5|
|17    |SRL16E   |   297|
|18    |SRLC32E  |     2|
|19    |XORCY    |   144|
|20    |FDE      |    11|
|21    |FDRE     |  1385|
|22    |FDSE     |    20|
+------+---------+------+
---------------------------------------------------------------------------------
Finished Writing Synthesis Report : Time (s): cpu = 00:00:49 ; elapsed = 00:00:51 . Memory (MB): peak = 2619.754 ; gain = 1143.285 ; free physical = 806 ; free virtual = 36507
---------------------------------------------------------------------------------
Synthesis finished with 0 errors, 0 critical warnings and 205 warnings.
Synthesis Optimization Runtime : Time (s): cpu = 00:00:47 ; elapsed = 00:00:49 . Memory (MB): peak = 2619.754 ; gain = 1079.254 ; free physical = 809 ; free virtual = 36510
Synthesis Optimization Complete : Time (s): cpu = 00:00:50 ; elapsed = 00:00:52 . Memory (MB): peak = 2619.762 ; gain = 1143.285 ; free physical = 809 ; free virtual = 36511
INFO: [Project 1-571] Translating synthesized netlist
Netlist sorting complete. Time (s): cpu = 00:00:00.04 ; elapsed = 00:00:00.04 . Memory (MB): peak = 2619.762 ; gain = 0.000 ; free physical = 897 ; free virtual = 36598
INFO: [Netlist 29-17] Analyzing 381 Unisim elements for replacement
INFO: [Netlist 29-28] Unisim Transformation completed in 0 CPU seconds
INFO: [Project 1-570] Preparing netlist for logic optimization
INFO: [Opt 31-138] Pushed 0 inverter(s) to 0 load pin(s).
Netlist sorting complete. Time (s): cpu = 00:00:00 ; elapsed = 00:00:00 . Memory (MB): peak = 2675.781 ; gain = 0.000 ; free physical = 903 ; free virtual = 36605
INFO: [Project 1-111] Unisim Transformation Summary:
  A total of 59 instances were transformed.
  (MUXCY,XORCY) => CARRY4: 48 instances
  FDE => FDRE: 11 instances

Synth Design complete | Checksum: ae37ee9d
INFO: [Common 17-83] Releasing license: Synthesis
34 Infos, 101 Warnings, 0 Critical Warnings and 0 Errors encountered.
synth_design completed successfully
synth_design: Time (s): cpu = 00:00:56 ; elapsed = 00:00:55 . Memory (MB): peak = 2675.781 ; gain = 1207.316 ; free physical = 903 ; free virtual = 36605
INFO: [Common 17-2834] synth_design peak Physical Memory [PSS] (MB): overall = 2057.851; main = 1846.066; forked = 266.809
INFO: [Common 17-2834] synth_design peak Virtual Memory [VSS] (MB): overall = 3540.645; main = 2675.785; forked = 920.887
Write ShapeDB Complete: Time (s): cpu = 00:00:00.01 ; elapsed = 00:00:00.01 . Memory (MB): peak = 2699.793 ; gain = 0.000 ; free physical = 900 ; free virtual = 36602
INFO: [Common 17-1381] The checkpoint '/home/user13/Documents/MoonLab/lab_AMD/pitch_fft_voice/pitch_fft_voice.runs/xfft_0_synth_1/xfft_0.dcp' has been generated.
INFO: [Coretcl 2-1648] Added synthesis output to IP cache for IP xfft_0, cache-ID = 8eaa90d244df35a0
INFO: [Coretcl 2-1174] Renamed 181 cell refs.
Write ShapeDB Complete: Time (s): cpu = 00:00:00.01 ; elapsed = 00:00:00 . Memory (MB): peak = 2699.793 ; gain = 0.000 ; free physical = 896 ; free virtual = 36604
INFO: [Common 17-1381] The checkpoint '/home/user13/Documents/MoonLab/lab_AMD/pitch_fft_voice/pitch_fft_voice.runs/xfft_0_synth_1/xfft_0.dcp' has been generated.
INFO: [Vivado 12-24828] Executing command : report_utilization -file xfft_0_utilization_synth.rpt -pb xfft_0_utilization_synth.pb
INFO: [Common 17-206] Exiting Vivado at Wed Sep 30 11:32:20 2026...
