Copyright 1986-2022 Xilinx, Inc. All Rights Reserved. Copyright 2022-2024 Advanced Micro Devices, Inc. All Rights Reserved.
---------------------------------------------------------------------------------------------------------------------------------------------
| Tool Version : Vivado v.2024.2 (lin64) Build 5239630 Fri Nov 08 22:34:34 MST 2024
| Date         : Wed Sep 30 11:34:29 2026
| Host         : user13-H410M-HD3P running 64-bit Ubuntu 24.04.4 LTS
| Command      : report_control_sets -verbose -file pitch_fft_voice_top_control_sets_placed.rpt
| Design       : pitch_fft_voice_top
| Device       : xc7a35t
---------------------------------------------------------------------------------------------------------------------------------------------

Control Set Information

Table of Contents
-----------------
1. Summary
2. Histogram
3. Flip-Flop Distribution
4. Detailed Control Set Information

1. Summary
----------

+----------------------------------------------------------+-------+
|                          Status                          | Count |
+----------------------------------------------------------+-------+
| Total control sets                                       |    62 |
|    Minimum number of control sets                        |    62 |
|    Addition due to synthesis replication                 |     0 |
|    Addition due to physical synthesis replication        |     0 |
| Unused register locations in slices containing registers |   224 |
+----------------------------------------------------------+-------+
* Control sets can be merged at opt_design using control_set_merge or merge_equivalent_drivers
** Run report_qor_suggestions for automated merging and remapping suggestions


2. Histogram
------------

+--------------------+-------+
|       Fanout       | Count |
+--------------------+-------+
| Total control sets |    62 |
| >= 0 to < 4        |     1 |
| >= 4 to < 6        |     8 |
| >= 6 to < 8        |     3 |
| >= 8 to < 10       |     9 |
| >= 10 to < 12      |     3 |
| >= 12 to < 14      |     0 |
| >= 14 to < 16      |     0 |
| >= 16              |    38 |
+--------------------+-------+
* Control sets can be remapped at either synth_design or opt_design


3. Flip-Flop Distribution
-------------------------

+--------------+-----------------------+------------------------+-----------------+--------------+
| Clock Enable | Synchronous Set/Reset | Asynchronous Set/Reset | Total Registers | Total Slices |
+--------------+-----------------------+------------------------+-----------------+--------------+
| No           | No                    | No                     |             104 |           31 |
| No           | No                    | Yes                    |               0 |            0 |
| No           | Yes                   | No                     |              77 |           28 |
| Yes          | No                    | No                     |            1047 |          217 |
| Yes          | No                    | Yes                    |               0 |            0 |
| Yes          | Yes                   | No                     |            1268 |          504 |
+--------------+-----------------------+------------------------+-----------------+--------------+


4. Detailed Control Set Information
-----------------------------------

+----------------+---------------------------------------------------------------------------------------------------------------------------------------------------------------+-------------------------------------------------------------------------------------------------------------------------------------------------+------------------+----------------+--------------+
|  Clock Signal  |                                                                         Enable Signal                                                                         |                                                                 Set/Reset Signal                                                                | Slice Load Count | Bel Load Count | Bels / Slice |
+----------------+---------------------------------------------------------------------------------------------------------------------------------------------------------------+-------------------------------------------------------------------------------------------------------------------------------------------------+------------------+----------------+--------------+
|  clk_IBUF_BUFG | u_fft/U0/i_synth/axi_wrapper/config_channel_fifo/gen_non_real_time.data_in_fifo_pt1/wr_enable                                                                 |                                                                                                                                                 |                1 |              1 |         1.00 |
|  clk_IBUF_BUFG | u_chord_detector/sel_idx[3]_i_1_n_0                                                                                                                           | btnC_IBUF                                                                                                                                       |                2 |              4 |         2.00 |
|  clk_IBUF_BUFG | u_chord_detector/cand_idx[3]_i_1__0_n_0                                                                                                                       | btnC_IBUF                                                                                                                                       |                1 |              4 |         4.00 |
|  clk_IBUF_BUFG | u_chord_detector/scan_phase[3]_i_1__0_n_0                                                                                                                     | btnC_IBUF                                                                                                                                       |                2 |              4 |         2.00 |
|  clk_IBUF_BUFG | u_detector/scan_phase                                                                                                                                         | btnC_IBUF                                                                                                                                       |                1 |              4 |         4.00 |
|  clk_IBUF_BUFG | u_detector/done_reg_2[0]                                                                                                                                      | u_detector/SR[0]                                                                                                                                |                1 |              4 |         4.00 |
|  clk_IBUF_BUFG | u_detector/cand_idx                                                                                                                                           | btnC_IBUF                                                                                                                                       |                3 |              4 |         1.33 |
|  clk_IBUF_BUFG | u_fft/U0/i_synth/non_native_floating_point.xfft_inst/non_floating_point.arch_c.xfft_inst/control/cntrl/pe_cnt/process_state_s_reg                             | u_fft/U0/i_synth/non_native_floating_point.xfft_inst/non_floating_point.arch_c.xfft_inst/control/cntrl/process_state_s                          |                2 |              5 |         2.50 |
|  clk_IBUF_BUFG | u_detector/FSM_onehot_state[4]_i_1_n_0                                                                                                                        | btnC_IBUF                                                                                                                                       |                2 |              5 |         2.50 |
|  clk_IBUF_BUFG | u_fft/U0/i_synth/axi_wrapper/ce_w2c                                                                                                                           | u_fft/U0/i_synth/axi_wrapper/sclr_w2c                                                                                                           |                1 |              6 |         6.00 |
|  clk_IBUF_BUFG | u_detector/E[0]                                                                                                                                               | u_detector/SR[0]                                                                                                                                |                2 |              6 |         3.00 |
|  clk_IBUF_BUFG | u_fft/U0/i_synth/non_native_floating_point.xfft_inst/non_floating_point.arch_c.xfft_inst/control/cntrl/processing_state/ce_pedelay                            | u_fft/U0/i_synth/axi_wrapper/sclr_w2c                                                                                                           |                3 |              7 |         2.33 |
|  clk_IBUF_BUFG | u_chord_detector/done_reg_0[0]                                                                                                                                | u_chord_detector/chord_prev2                                                                                                                    |                3 |              8 |         2.67 |
|  clk_IBUF_BUFG | u_chord_detector/E[0]                                                                                                                                         | u_chord_detector/SR[0]                                                                                                                          |                2 |              8 |         4.00 |
|  clk_IBUF_BUFG | u_chord_detector/level_pair1[3]_i_1_n_0                                                                                                                       | btnC_IBUF                                                                                                                                       |                3 |              8 |         2.67 |
|  clk_IBUF_BUFG | u_fft/U0/i_synth/non_native_floating_point.xfft_inst/non_floating_point.arch_c.xfft_inst/control/cntrl/processing_state/gen_ce_non_real_time.ce_predicted_reg | u_fft/U0/i_synth/non_native_floating_point.xfft_inst/non_floating_point.arch_c.xfft_inst/control/cntrl/loading_state/sclr_or_nfft_we_or_loading |                3 |              9 |         3.00 |
|  clk_IBUF_BUFG | u_fft/U0/i_synth/axi_wrapper/gen_symbols_out_default.symbols_out_remaining[8]_i_1_n_0                                                                         | u_fft/U0/i_synth/axi_wrapper/reset_pipe[1]                                                                                                      |                3 |              9 |         3.00 |
|  clk_IBUF_BUFG | u_fft/U0/i_synth/axi_wrapper/ce_w2c                                                                                                                           | u_fft/U0/i_synth/axi_wrapper/reset_pipe[1]                                                                                                      |                3 |              9 |         3.00 |
|  clk_IBUF_BUFG | u_fft/U0/i_synth/axi_wrapper/ce_w2c                                                                                                                           | u_fft/U0/i_synth/axi_wrapper/gen_ce_non_real_time.ce_predicted_reg_1                                                                            |                2 |              9 |         4.50 |
|  clk_IBUF_BUFG | u_detector/fft_bin                                                                                                                                            | btnC_IBUF                                                                                                                                       |                4 |              9 |         2.25 |
|  clk_IBUF_BUFG | u_chord_detector/fft_bin[8]_i_1__0_n_0                                                                                                                        | btnC_IBUF                                                                                                                                       |                3 |              9 |         3.00 |
|  clk_IBUF_BUFG | u_detector/FSM_onehot_state_reg_n_0_[4]                                                                                                                       | btnC_IBUF                                                                                                                                       |                5 |             10 |         2.00 |
|  clk_IBUF_BUFG | u_fft/U0/i_synth/non_native_floating_point.xfft_inst/non_floating_point.arch_c.xfft_inst/control/cntrl/has_unloading.unloading_state/xk_index_counter_ce      | u_fft/U0/i_synth/axi_wrapper/sclr_w2c                                                                                                           |                4 |             11 |         2.75 |
|  clk_IBUF_BUFG | u_fft/U0/i_synth/non_native_floating_point.xfft_inst/non_floating_point.arch_c.xfft_inst/control/cntrl/loading_state/xn_index_counter_ce                      | u_fft/U0/i_synth/axi_wrapper/sclr_w2c                                                                                                           |                4 |             11 |         2.75 |
|  clk_IBUF_BUFG |                                                                                                                                                               | u_tone/cnt[0]_i_1__0_n_0                                                                                                                        |                5 |             18 |         3.60 |
|  clk_IBUF_BUFG | u_chord_detector/c4_h3_seen_mag[26]_i_1_n_0                                                                                                                   | btnC_IBUF                                                                                                                                       |                8 |             26 |         3.25 |
|  clk_IBUF_BUFG | u_chord_detector/cur_h3[26]_i_1__0_n_0                                                                                                                        | btnC_IBUF                                                                                                                                       |                9 |             27 |         3.00 |
|  clk_IBUF_BUFG | u_detector/c4_bin33                                                                                                                                           | btnC_IBUF                                                                                                                                       |                9 |             27 |         3.00 |
|  clk_IBUF_BUFG | u_detector/c4_bin34                                                                                                                                           | btnC_IBUF                                                                                                                                       |                8 |             27 |         3.38 |
|  clk_IBUF_BUFG | u_detector/cur_f                                                                                                                                              | btnC_IBUF                                                                                                                                       |               10 |             27 |         2.70 |
|  clk_IBUF_BUFG | u_detector/cur_h2                                                                                                                                             | btnC_IBUF                                                                                                                                       |                9 |             27 |         3.00 |
|  clk_IBUF_BUFG | u_detector/cur_h3                                                                                                                                             | btnC_IBUF                                                                                                                                       |               12 |             27 |         2.25 |
|  clk_IBUF_BUFG | u_chord_detector/c4_bin34[26]_i_1__0_n_0                                                                                                                      | btnC_IBUF                                                                                                                                       |                9 |             27 |         3.00 |
|  clk_IBUF_BUFG | u_chord_detector/c4_bin33[26]_i_1__0_n_0                                                                                                                      | btnC_IBUF                                                                                                                                       |               10 |             27 |         2.70 |
|  clk_IBUF_BUFG | u_chord_detector/frame_peak[26]_i_1_n_0                                                                                                                       | btnC_IBUF                                                                                                                                       |                9 |             27 |         3.00 |
|  clk_IBUF_BUFG | u_chord_detector/event_peak[26]_i_1_n_0                                                                                                                       | btnC_IBUF                                                                                                                                       |               10 |             27 |         2.70 |
|  clk_IBUF_BUFG | u_chord_detector/cur_h2[26]_i_1__0_n_0                                                                                                                        | btnC_IBUF                                                                                                                                       |                8 |             27 |         3.38 |
|  clk_IBUF_BUFG | u_chord_detector/cur_f[26]_i_1__0_n_0                                                                                                                         | btnC_IBUF                                                                                                                                       |               10 |             27 |         2.70 |
|  clk_IBUF_BUFG | u_chord_detector/capture_peak[26]_i_1_n_0                                                                                                                     | btnC_IBUF                                                                                                                                       |                7 |             27 |         3.86 |
|  clk_IBUF_BUFG |                                                                                                                                                               | btnC_IBUF                                                                                                                                       |               14 |             29 |         2.07 |
|  clk_IBUF_BUFG | u_chord_detector/score_mem[7][28]_i_1_n_0                                                                                                                     | btnC_IBUF                                                                                                                                       |               19 |             30 |         1.58 |
|  clk_IBUF_BUFG | u_chord_detector/score_mem[12][28]_i_1_n_0                                                                                                                    | btnC_IBUF                                                                                                                                       |               13 |             30 |         2.31 |
|  clk_IBUF_BUFG | u_chord_detector/score_mem[1][28]_i_1_n_0                                                                                                                     | btnC_IBUF                                                                                                                                       |               13 |             30 |         2.31 |
|  clk_IBUF_BUFG | u_chord_detector/score_mem[2][28]_i_1_n_0                                                                                                                     | btnC_IBUF                                                                                                                                       |               15 |             30 |         2.00 |
|  clk_IBUF_BUFG | u_chord_detector/score_mem[3][28]_i_1_n_0                                                                                                                     | btnC_IBUF                                                                                                                                       |               17 |             30 |         1.76 |
|  clk_IBUF_BUFG | u_chord_detector/score_mem[4][28]_i_1_n_0                                                                                                                     | btnC_IBUF                                                                                                                                       |               20 |             30 |         1.50 |
|  clk_IBUF_BUFG |                                                                                                                                                               | u_fft/U0/i_synth/axi_wrapper/reset_pipe[1]                                                                                                      |                9 |             30 |         3.33 |
|  clk_IBUF_BUFG | u_chord_detector/score_mem[5][28]_i_1_n_0                                                                                                                     | btnC_IBUF                                                                                                                                       |               14 |             30 |         2.14 |
|  clk_IBUF_BUFG | u_chord_detector/score_mem[6][28]_i_1_n_0                                                                                                                     | btnC_IBUF                                                                                                                                       |               13 |             30 |         2.31 |
|  clk_IBUF_BUFG | u_chord_detector/score_mem[8][28]_i_1_n_0                                                                                                                     | btnC_IBUF                                                                                                                                       |               15 |             30 |         2.00 |
|  clk_IBUF_BUFG | u_chord_detector/score_mem[11][28]_i_1_n_0                                                                                                                    | btnC_IBUF                                                                                                                                       |               14 |             30 |         2.14 |
|  clk_IBUF_BUFG | u_chord_detector/score_mem[9][28]_i_1_n_0                                                                                                                     | btnC_IBUF                                                                                                                                       |               13 |             30 |         2.31 |
|  clk_IBUF_BUFG | u_chord_detector/score_mem[10][28]_i_1_n_0                                                                                                                    | btnC_IBUF                                                                                                                                       |               12 |             30 |         2.50 |
|  clk_IBUF_BUFG | u_chord_detector/score_mem[0][28]_i_1_n_0                                                                                                                     | btnC_IBUF                                                                                                                                       |               16 |             30 |         1.88 |
|  clk_IBUF_BUFG | u_chord_detector/best2_score[28]_i_1_n_0                                                                                                                      | btnC_IBUF                                                                                                                                       |                8 |             34 |         4.25 |
|  clk_IBUF_BUFG | u_chord_detector/best1_score[28]_i_1_n_0                                                                                                                      | btnC_IBUF                                                                                                                                       |                9 |             34 |         3.78 |
|  clk_IBUF_BUFG | u_chord_detector/held_idx2[3]_i_1_n_0                                                                                                                         | btnC_IBUF                                                                                                                                       |               17 |             44 |         2.59 |
|  clk_IBUF_BUFG | u_fft/U0/i_synth/axi_wrapper/data_out_channel/data_out_fifo_write                                                                                             |                                                                                                                                                 |                7 |             53 |         7.57 |
|  clk_IBUF_BUFG |                                                                                                                                                               |                                                                                                                                                 |               31 |            104 |         3.35 |
|  clk_IBUF_BUFG | u_detector/c4_f                                                                                                                                               | btnC_IBUF                                                                                                                                       |               43 |            109 |         2.53 |
|  clk_IBUF_BUFG | u_detector/best_bin                                                                                                                                           | btnC_IBUF                                                                                                                                       |               46 |            117 |         2.54 |
|  clk_IBUF_BUFG | u_fft/U0/i_synth/axi_wrapper/ce_w2c                                                                                                                           |                                                                                                                                                 |              217 |           1207 |         5.56 |
+----------------+---------------------------------------------------------------------------------------------------------------------------------------------------------------+-------------------------------------------------------------------------------------------------------------------------------------------------+------------------+----------------+--------------+


