
*** Running vivado
    with args -log pitch_fft_voice_top.vds -m64 -product Vivado -mode batch -messageDb vivado.pb -notrace -source pitch_fft_voice_top.tcl


****** Vivado v2024.2 (64-bit)
  **** SW Build 5239630 on Fri Nov 08 22:34:34 MST 2024
  **** IP Build 5239520 on Sun Nov 10 16:12:51 MST 2024
  **** SharedData Build 5239561 on Fri Nov 08 14:39:27 MST 2024
  **** Start of session at: Wed Sep 30 11:32:32 2026
    ** Copyright 1986-2022 Xilinx, Inc. All Rights Reserved.
    ** Copyright 2022-2024 Advanced Micro Devices, Inc. All Rights Reserved.

source pitch_fft_voice_top.tcl -notrace
Command: read_checkpoint -auto_incremental -incremental /home/user13/Documents/MoonLab/lab_AMD/pitch_fft_voice/pitch_fft_voice.srcs/utils_1/imports/synth_1/tb_pitch_fft_voice_top.dcp
INFO: [Vivado 12-5825] Read reference checkpoint from /home/user13/Documents/MoonLab/lab_AMD/pitch_fft_voice/pitch_fft_voice.srcs/utils_1/imports/synth_1/tb_pitch_fft_voice_top.dcp for incremental synthesis
INFO: [Vivado 12-7989] Please ensure there are no constraint changes
Command: synth_design -top pitch_fft_voice_top -part xc7a35tcpg236-1
Starting synth_design
Attempting to get a license for feature 'Synthesis' and/or device 'xc7a35t'
INFO: [Common 17-349] Got license for feature 'Synthesis' and/or device 'xc7a35t'
INFO: [Device 21-403] Loading part xc7a35tcpg236-1
INFO: [Designutils 20-5440] No compile time benefit to using incremental synthesis; A full resynthesis will be run
INFO: [Designutils 20-4379] Flow is switching to default flow due to incremental criteria not met. If you would like to alter this behaviour and have the flow terminate instead, please set the following parameter config_implementation {autoIncr.Synth.RejectBehavior Terminate}
INFO: [Synth 8-7079] Multithreading enabled for synth_design using a maximum of 7 processes.
INFO: [Synth 8-7078] Launching helper process for spawning children vivado processes
INFO: [Synth 8-7075] Helper process launched with PID 221642
---------------------------------------------------------------------------------
Starting RTL Elaboration : Time (s): cpu = 00:00:04 ; elapsed = 00:00:04 . Memory (MB): peak = 1877.387 ; gain = 420.742 ; free physical = 1732 ; free virtual = 37444
---------------------------------------------------------------------------------
INFO: [Synth 8-6157] synthesizing module 'pitch_fft_voice_top' [/home/user13/Documents/MoonLab/lab_AMD/pitch_fft_voice/pitch_fft_voice.srcs/sources_1/imports/pitch_fft_voice_final_v2/pitch_fft_voice_top.v:22]
INFO: [Synth 8-6157] synthesizing module 'uart_rx' [/home/user13/Documents/MoonLab/lab_AMD/pitch_fft_voice/pitch_fft_voice.srcs/sources_1/imports/pitch_fft_voice_final_v2/uart_rx.v:23]
	Parameter CLKS_PER_BIT bound to: 400 - type: integer 
INFO: [Synth 8-6155] done synthesizing module 'uart_rx' (0#1) [/home/user13/Documents/MoonLab/lab_AMD/pitch_fft_voice/pitch_fft_voice.srcs/sources_1/imports/pitch_fft_voice_final_v2/uart_rx.v:23]
INFO: [Synth 8-6157] synthesizing module 'hann_window' [/home/user13/Documents/MoonLab/lab_AMD/pitch_fft_voice/pitch_fft_voice.srcs/sources_1/imports/pitch_fft_voice_final_v2/hann_window.v:25]
CRITICAL WARNING: [Synth 8-4445] could not open $readmem data file 'hann512_q15.mem'; please make sure the file is added to project and has read permission, ignoring [/home/user13/Documents/MoonLab/lab_AMD/pitch_fft_voice/pitch_fft_voice.srcs/sources_1/imports/pitch_fft_voice_final_v2/hann_window.v:33]
INFO: [Synth 8-6155] done synthesizing module 'hann_window' (0#1) [/home/user13/Documents/MoonLab/lab_AMD/pitch_fft_voice/pitch_fft_voice.srcs/sources_1/imports/pitch_fft_voice_final_v2/hann_window.v:25]
INFO: [Synth 8-6157] synthesizing module 'xfft_0' [/home/user13/Documents/MoonLab/lab_AMD/pitch_fft_voice/pitch_fft_voice.runs/synth_1/.Xil/Vivado-221551-user13-H410M-HD3P/realtime/xfft_0_stub.v:6]
INFO: [Synth 8-6155] done synthesizing module 'xfft_0' (0#1) [/home/user13/Documents/MoonLab/lab_AMD/pitch_fft_voice/pitch_fft_voice.runs/synth_1/.Xil/Vivado-221551-user13-H410M-HD3P/realtime/xfft_0_stub.v:6]
WARNING: [Synth 8-7071] port 'event_frame_started' of module 'xfft_0' is unconnected for instance 'u_fft' [/home/user13/Documents/MoonLab/lab_AMD/pitch_fft_voice/pitch_fft_voice.srcs/sources_1/imports/pitch_fft_voice_final_v2/pitch_fft_voice_top.v:115]
WARNING: [Synth 8-7071] port 'event_tlast_unexpected' of module 'xfft_0' is unconnected for instance 'u_fft' [/home/user13/Documents/MoonLab/lab_AMD/pitch_fft_voice/pitch_fft_voice.srcs/sources_1/imports/pitch_fft_voice_final_v2/pitch_fft_voice_top.v:115]
WARNING: [Synth 8-7071] port 'event_tlast_missing' of module 'xfft_0' is unconnected for instance 'u_fft' [/home/user13/Documents/MoonLab/lab_AMD/pitch_fft_voice/pitch_fft_voice.srcs/sources_1/imports/pitch_fft_voice_final_v2/pitch_fft_voice_top.v:115]
WARNING: [Synth 8-7071] port 'event_status_channel_halt' of module 'xfft_0' is unconnected for instance 'u_fft' [/home/user13/Documents/MoonLab/lab_AMD/pitch_fft_voice/pitch_fft_voice.srcs/sources_1/imports/pitch_fft_voice_final_v2/pitch_fft_voice_top.v:115]
WARNING: [Synth 8-7071] port 'event_data_in_channel_halt' of module 'xfft_0' is unconnected for instance 'u_fft' [/home/user13/Documents/MoonLab/lab_AMD/pitch_fft_voice/pitch_fft_voice.srcs/sources_1/imports/pitch_fft_voice_final_v2/pitch_fft_voice_top.v:115]
WARNING: [Synth 8-7071] port 'event_data_out_channel_halt' of module 'xfft_0' is unconnected for instance 'u_fft' [/home/user13/Documents/MoonLab/lab_AMD/pitch_fft_voice/pitch_fft_voice.srcs/sources_1/imports/pitch_fft_voice_final_v2/pitch_fft_voice_top.v:115]
WARNING: [Synth 8-7023] instance 'u_fft' of module 'xfft_0' has 19 connections declared, but only 13 given [/home/user13/Documents/MoonLab/lab_AMD/pitch_fft_voice/pitch_fft_voice.srcs/sources_1/imports/pitch_fft_voice_final_v2/pitch_fft_voice_top.v:115]
INFO: [Synth 8-6157] synthesizing module 'harmonic_pitch_detector' [/home/user13/Documents/MoonLab/lab_AMD/pitch_fft_voice/pitch_fft_voice.srcs/sources_1/imports/pitch_fft_voice_final_v2/harmonic_pitch_detector.v:45]
	Parameter FUND_LO bound to: 33 - type: integer 
	Parameter FUND_HI bound to: 68 - type: integer 
	Parameter FUND_MIN bound to: 27'b000000000000000000011110000 
	Parameter HARM_MIN bound to: 27'b000000000000000000011001000 
	Parameter SCORE_MIN bound to: 29'b00000000000000000010101111000 
INFO: [Synth 8-6155] done synthesizing module 'harmonic_pitch_detector' (0#1) [/home/user13/Documents/MoonLab/lab_AMD/pitch_fft_voice/pitch_fft_voice.srcs/sources_1/imports/pitch_fft_voice_final_v2/harmonic_pitch_detector.v:45]
INFO: [Synth 8-6157] synthesizing module 'bin_to_note' [/home/user13/Documents/MoonLab/lab_AMD/pitch_fft_voice/pitch_fft_voice.srcs/sources_1/imports/pitch_fft_voice_final_v2/bin_to_note.v:30]
INFO: [Synth 8-6155] done synthesizing module 'bin_to_note' (0#1) [/home/user13/Documents/MoonLab/lab_AMD/pitch_fft_voice/pitch_fft_voice.srcs/sources_1/imports/pitch_fft_voice_final_v2/bin_to_note.v:30]
INFO: [Synth 8-6157] synthesizing module 'chord_pitch_detector' [/home/user13/Documents/MoonLab/lab_AMD/pitch_fft_voice/pitch_fft_voice.srcs/sources_1/new/chord_pitch_detector.v:40]
	Parameter FUND_MIN bound to: 27'b000000000000000000001111000 
	Parameter SCORE_MIN bound to: 29'b00000000000000000001010111100 
INFO: [Synth 8-6155] done synthesizing module 'chord_pitch_detector' (0#1) [/home/user13/Documents/MoonLab/lab_AMD/pitch_fft_voice/pitch_fft_voice.srcs/sources_1/new/chord_pitch_detector.v:40]
INFO: [Synth 8-6157] synthesizing module 'note_display' [/home/user13/Documents/MoonLab/lab_AMD/pitch_fft_voice/pitch_fft_voice.srcs/sources_1/imports/pitch_fft_voice_final_v2/note_display.v:28]
INFO: [Synth 8-6155] done synthesizing module 'note_display' (0#1) [/home/user13/Documents/MoonLab/lab_AMD/pitch_fft_voice/pitch_fft_voice.srcs/sources_1/imports/pitch_fft_voice_final_v2/note_display.v:28]
INFO: [Synth 8-6157] synthesizing module 'tone_gen' [/home/user13/Documents/MoonLab/lab_AMD/pitch_fft_voice/pitch_fft_voice.srcs/sources_1/imports/pitch_fft_voice_final_v2/tone_gen.v:24]
INFO: [Synth 8-6155] done synthesizing module 'tone_gen' (0#1) [/home/user13/Documents/MoonLab/lab_AMD/pitch_fft_voice/pitch_fft_voice.srcs/sources_1/imports/pitch_fft_voice_final_v2/tone_gen.v:24]
INFO: [Synth 8-6155] done synthesizing module 'pitch_fft_voice_top' (0#1) [/home/user13/Documents/MoonLab/lab_AMD/pitch_fft_voice/pitch_fft_voice.srcs/sources_1/imports/pitch_fft_voice_final_v2/pitch_fft_voice_top.v:22]
WARNING: [Synth 8-3848] Net rom in module/entity hann_window does not have driver. [/home/user13/Documents/MoonLab/lab_AMD/pitch_fft_voice/pitch_fft_voice.srcs/sources_1/imports/pitch_fft_voice_final_v2/hann_window.v:30]
WARNING: [Synth 8-6014] Unused sequential element fund_mem_reg[0] was removed.  [/home/user13/Documents/MoonLab/lab_AMD/pitch_fft_voice/pitch_fft_voice.srcs/sources_1/new/chord_pitch_detector.v:490]
WARNING: [Synth 8-6014] Unused sequential element fund_mem_reg[1] was removed.  [/home/user13/Documents/MoonLab/lab_AMD/pitch_fft_voice/pitch_fft_voice.srcs/sources_1/new/chord_pitch_detector.v:490]
WARNING: [Synth 8-6014] Unused sequential element fund_mem_reg[2] was removed.  [/home/user13/Documents/MoonLab/lab_AMD/pitch_fft_voice/pitch_fft_voice.srcs/sources_1/new/chord_pitch_detector.v:490]
WARNING: [Synth 8-6014] Unused sequential element fund_mem_reg[3] was removed.  [/home/user13/Documents/MoonLab/lab_AMD/pitch_fft_voice/pitch_fft_voice.srcs/sources_1/new/chord_pitch_detector.v:490]
WARNING: [Synth 8-6014] Unused sequential element fund_mem_reg[4] was removed.  [/home/user13/Documents/MoonLab/lab_AMD/pitch_fft_voice/pitch_fft_voice.srcs/sources_1/new/chord_pitch_detector.v:490]
WARNING: [Synth 8-6014] Unused sequential element fund_mem_reg[5] was removed.  [/home/user13/Documents/MoonLab/lab_AMD/pitch_fft_voice/pitch_fft_voice.srcs/sources_1/new/chord_pitch_detector.v:490]
WARNING: [Synth 8-6014] Unused sequential element fund_mem_reg[6] was removed.  [/home/user13/Documents/MoonLab/lab_AMD/pitch_fft_voice/pitch_fft_voice.srcs/sources_1/new/chord_pitch_detector.v:490]
WARNING: [Synth 8-6014] Unused sequential element fund_mem_reg[7] was removed.  [/home/user13/Documents/MoonLab/lab_AMD/pitch_fft_voice/pitch_fft_voice.srcs/sources_1/new/chord_pitch_detector.v:490]
WARNING: [Synth 8-6014] Unused sequential element fund_mem_reg[8] was removed.  [/home/user13/Documents/MoonLab/lab_AMD/pitch_fft_voice/pitch_fft_voice.srcs/sources_1/new/chord_pitch_detector.v:490]
WARNING: [Synth 8-6014] Unused sequential element fund_mem_reg[9] was removed.  [/home/user13/Documents/MoonLab/lab_AMD/pitch_fft_voice/pitch_fft_voice.srcs/sources_1/new/chord_pitch_detector.v:490]
WARNING: [Synth 8-6014] Unused sequential element fund_mem_reg[10] was removed.  [/home/user13/Documents/MoonLab/lab_AMD/pitch_fft_voice/pitch_fft_voice.srcs/sources_1/new/chord_pitch_detector.v:490]
WARNING: [Synth 8-6014] Unused sequential element fund_mem_reg[11] was removed.  [/home/user13/Documents/MoonLab/lab_AMD/pitch_fft_voice/pitch_fft_voice.srcs/sources_1/new/chord_pitch_detector.v:490]
WARNING: [Synth 8-6014] Unused sequential element fund_mem_reg[12] was removed.  [/home/user13/Documents/MoonLab/lab_AMD/pitch_fft_voice/pitch_fft_voice.srcs/sources_1/new/chord_pitch_detector.v:490]
WARNING: [Synth 8-7129] Port fft_data[63] in module chord_pitch_detector is either unconnected or has no load
WARNING: [Synth 8-7129] Port fft_data[62] in module chord_pitch_detector is either unconnected or has no load
WARNING: [Synth 8-7129] Port fft_data[61] in module chord_pitch_detector is either unconnected or has no load
WARNING: [Synth 8-7129] Port fft_data[60] in module chord_pitch_detector is either unconnected or has no load
WARNING: [Synth 8-7129] Port fft_data[59] in module chord_pitch_detector is either unconnected or has no load
WARNING: [Synth 8-7129] Port fft_data[58] in module chord_pitch_detector is either unconnected or has no load
WARNING: [Synth 8-7129] Port fft_data[31] in module chord_pitch_detector is either unconnected or has no load
WARNING: [Synth 8-7129] Port fft_data[30] in module chord_pitch_detector is either unconnected or has no load
WARNING: [Synth 8-7129] Port fft_data[29] in module chord_pitch_detector is either unconnected or has no load
WARNING: [Synth 8-7129] Port fft_data[28] in module chord_pitch_detector is either unconnected or has no load
WARNING: [Synth 8-7129] Port fft_data[27] in module chord_pitch_detector is either unconnected or has no load
WARNING: [Synth 8-7129] Port fft_data[26] in module chord_pitch_detector is either unconnected or has no load
WARNING: [Synth 8-7129] Port fft_data[63] in module harmonic_pitch_detector is either unconnected or has no load
WARNING: [Synth 8-7129] Port fft_data[62] in module harmonic_pitch_detector is either unconnected or has no load
WARNING: [Synth 8-7129] Port fft_data[61] in module harmonic_pitch_detector is either unconnected or has no load
WARNING: [Synth 8-7129] Port fft_data[60] in module harmonic_pitch_detector is either unconnected or has no load
WARNING: [Synth 8-7129] Port fft_data[59] in module harmonic_pitch_detector is either unconnected or has no load
WARNING: [Synth 8-7129] Port fft_data[58] in module harmonic_pitch_detector is either unconnected or has no load
WARNING: [Synth 8-7129] Port fft_data[31] in module harmonic_pitch_detector is either unconnected or has no load
WARNING: [Synth 8-7129] Port fft_data[30] in module harmonic_pitch_detector is either unconnected or has no load
WARNING: [Synth 8-7129] Port fft_data[29] in module harmonic_pitch_detector is either unconnected or has no load
WARNING: [Synth 8-7129] Port fft_data[28] in module harmonic_pitch_detector is either unconnected or has no load
WARNING: [Synth 8-7129] Port fft_data[27] in module harmonic_pitch_detector is either unconnected or has no load
WARNING: [Synth 8-7129] Port fft_data[26] in module harmonic_pitch_detector is either unconnected or has no load
WARNING: [Synth 8-7129] Port index[8] in module hann_window is either unconnected or has no load
WARNING: [Synth 8-7129] Port index[7] in module hann_window is either unconnected or has no load
WARNING: [Synth 8-7129] Port index[6] in module hann_window is either unconnected or has no load
WARNING: [Synth 8-7129] Port index[5] in module hann_window is either unconnected or has no load
WARNING: [Synth 8-7129] Port index[4] in module hann_window is either unconnected or has no load
WARNING: [Synth 8-7129] Port index[3] in module hann_window is either unconnected or has no load
WARNING: [Synth 8-7129] Port index[2] in module hann_window is either unconnected or has no load
WARNING: [Synth 8-7129] Port index[1] in module hann_window is either unconnected or has no load
WARNING: [Synth 8-7129] Port index[0] in module hann_window is either unconnected or has no load
---------------------------------------------------------------------------------
Finished RTL Elaboration : Time (s): cpu = 00:00:05 ; elapsed = 00:00:06 . Memory (MB): peak = 1968.324 ; gain = 511.680 ; free physical = 1596 ; free virtual = 37321
---------------------------------------------------------------------------------
---------------------------------------------------------------------------------
Start Handling Custom Attributes
---------------------------------------------------------------------------------
---------------------------------------------------------------------------------
Finished Handling Custom Attributes : Time (s): cpu = 00:00:05 ; elapsed = 00:00:06 . Memory (MB): peak = 1980.199 ; gain = 523.555 ; free physical = 1596 ; free virtual = 37322
---------------------------------------------------------------------------------
---------------------------------------------------------------------------------
Finished RTL Optimization Phase 1 : Time (s): cpu = 00:00:05 ; elapsed = 00:00:06 . Memory (MB): peak = 1980.199 ; gain = 523.555 ; free physical = 1596 ; free virtual = 37322
---------------------------------------------------------------------------------
Netlist sorting complete. Time (s): cpu = 00:00:00.02 ; elapsed = 00:00:00.02 . Memory (MB): peak = 1980.199 ; gain = 0.000 ; free physical = 1581 ; free virtual = 37306
INFO: [Project 1-570] Preparing netlist for logic optimization

Processing XDC Constraints
Initializing timing engine
Parsing XDC File [/home/user13/Documents/MoonLab/lab_AMD/pitch_fft_voice/pitch_fft_voice.gen/sources_1/ip/xfft_0_1/xfft_0/xfft_0_in_context.xdc] for cell 'u_fft'
Finished Parsing XDC File [/home/user13/Documents/MoonLab/lab_AMD/pitch_fft_voice/pitch_fft_voice.gen/sources_1/ip/xfft_0_1/xfft_0/xfft_0_in_context.xdc] for cell 'u_fft'
Parsing XDC File [/home/user13/Documents/MoonLab/lab_AMD/pitch_fft_voice/pitch_fft_voice.srcs/constrs_1/imports/Downloads/pitch_fft_voice.xdc]
Finished Parsing XDC File [/home/user13/Documents/MoonLab/lab_AMD/pitch_fft_voice/pitch_fft_voice.srcs/constrs_1/imports/Downloads/pitch_fft_voice.xdc]
INFO: [Project 1-236] Implementation specific constraints were found while reading constraint file [/home/user13/Documents/MoonLab/lab_AMD/pitch_fft_voice/pitch_fft_voice.srcs/constrs_1/imports/Downloads/pitch_fft_voice.xdc]. These constraints will be ignored for synthesis but will be used in implementation. Impacted constraints are listed in the file [.Xil/pitch_fft_voice_top_propImpl.xdc].
Resolution: To avoid this warning, move constraints listed in [.Xil/pitch_fft_voice_top_propImpl.xdc] to another XDC file and exclude this new file from synthesis with the used_in_synthesis property (File Properties dialog in GUI) and re-run elaboration/synthesis.
Completed Processing XDC Constraints

Netlist sorting complete. Time (s): cpu = 00:00:00 ; elapsed = 00:00:00 . Memory (MB): peak = 2125.945 ; gain = 0.000 ; free physical = 1562 ; free virtual = 37287
INFO: [Project 1-111] Unisim Transformation Summary:
No Unisim elements were transformed.

Constraint Validation Runtime : Time (s): cpu = 00:00:00 ; elapsed = 00:00:00 . Memory (MB): peak = 2125.945 ; gain = 0.000 ; free physical = 1562 ; free virtual = 37287
INFO: [Designutils 20-5440] No compile time benefit to using incremental synthesis; A full resynthesis will be run
INFO: [Designutils 20-4379] Flow is switching to default flow due to incremental criteria not met. If you would like to alter this behaviour and have the flow terminate instead, please set the following parameter config_implementation {autoIncr.Synth.RejectBehavior Terminate}
---------------------------------------------------------------------------------
Finished Constraint Validation : Time (s): cpu = 00:00:12 ; elapsed = 00:00:12 . Memory (MB): peak = 2125.945 ; gain = 669.301 ; free physical = 1333 ; free virtual = 37125
---------------------------------------------------------------------------------
---------------------------------------------------------------------------------
Start Loading Part and Timing Information
---------------------------------------------------------------------------------
Loading part: xc7a35tcpg236-1
---------------------------------------------------------------------------------
Finished Loading Part and Timing Information : Time (s): cpu = 00:00:12 ; elapsed = 00:00:12 . Memory (MB): peak = 2133.949 ; gain = 677.305 ; free physical = 1333 ; free virtual = 37125
---------------------------------------------------------------------------------
---------------------------------------------------------------------------------
Start Applying 'set_property' XDC Constraints
---------------------------------------------------------------------------------
Applied set_property KEEP_HIERARCHY = SOFT for u_fft. (constraint file  auto generated constraint).
---------------------------------------------------------------------------------
Finished applying 'set_property' XDC Constraints : Time (s): cpu = 00:00:12 ; elapsed = 00:00:12 . Memory (MB): peak = 2133.949 ; gain = 677.305 ; free physical = 1339 ; free virtual = 37123
---------------------------------------------------------------------------------
INFO: [Synth 8-802] inferred FSM for state register 'state_reg' in module 'uart_rx'
INFO: [Synth 8-802] inferred FSM for state register 'state_reg' in module 'harmonic_pitch_detector'
INFO: [Synth 8-802] inferred FSM for state register 'silence_count_reg' in module 'pitch_fft_voice_top'
INFO: [Synth 8-802] inferred FSM for state register 'chord_silence_count_reg' in module 'pitch_fft_voice_top'
---------------------------------------------------------------------------------------------------
                   State |                     New Encoding |                Previous Encoding 
---------------------------------------------------------------------------------------------------
                    IDLE |                               00 |                               00
                   START |                               01 |                               01
                    DATA |                               10 |                               10
                    STOP |                               11 |                               11
---------------------------------------------------------------------------------------------------
INFO: [Synth 8-3354] encoded FSM with state register 'state_reg' using encoding 'sequential' in module 'uart_rx'
---------------------------------------------------------------------------------------------------
                   State |                     New Encoding |                Previous Encoding 
---------------------------------------------------------------------------------------------------
              ST_CAPTURE |                            00001 |                              000
                 ST_READ |                            00010 |                              001
              ST_PROCESS |                            00100 |                              010
                 ST_EVAL |                            01000 |                              011
               ST_REPORT |                            10000 |                              100
---------------------------------------------------------------------------------------------------
INFO: [Synth 8-3354] encoded FSM with state register 'state_reg' using encoding 'one-hot' in module 'harmonic_pitch_detector'
---------------------------------------------------------------------------------------------------
                   State |                     New Encoding |                Previous Encoding 
---------------------------------------------------------------------------------------------------
                 iSTATE1 |                               00 |                               00
                 iSTATE0 |                               01 |                               01
*
                  iSTATE |                               10 |                               10
---------------------------------------------------------------------------------------------------
INFO: [Synth 8-3354] encoded FSM with state register 'chord_silence_count_reg' using encoding 'sequential' in module 'pitch_fft_voice_top'
---------------------------------------------------------------------------------------------------
                   State |                     New Encoding |                Previous Encoding 
---------------------------------------------------------------------------------------------------
                 iSTATE1 |                               00 |                               00
                 iSTATE0 |                               01 |                               01
*
                  iSTATE |                               10 |                               10
---------------------------------------------------------------------------------------------------
INFO: [Synth 8-3354] encoded FSM with state register 'silence_count_reg' using encoding 'sequential' in module 'pitch_fft_voice_top'
---------------------------------------------------------------------------------
Finished RTL Optimization Phase 2 : Time (s): cpu = 00:00:13 ; elapsed = 00:00:14 . Memory (MB): peak = 2133.949 ; gain = 677.305 ; free physical = 1148 ; free virtual = 36987
---------------------------------------------------------------------------------
---------------------------------------------------------------------------------
Start RTL Component Statistics 
---------------------------------------------------------------------------------
Detailed RTL Component Info : 
+---Adders : 
	   3 Input   30 Bit       Adders := 2     
	   2 Input   30 Bit       Adders := 1     
	   3 Input   29 Bit       Adders := 3     
	   2 Input   29 Bit       Adders := 1     
	   2 Input   28 Bit       Adders := 5     
	   2 Input   27 Bit       Adders := 4     
	   2 Input   26 Bit       Adders := 4     
	   2 Input   25 Bit       Adders := 2     
	   2 Input   18 Bit       Adders := 1     
	   2 Input   14 Bit       Adders := 1     
	   2 Input    9 Bit       Adders := 7     
	   3 Input    9 Bit       Adders := 10    
	   2 Input    8 Bit       Adders := 1     
	   2 Input    4 Bit       Adders := 10    
	   2 Input    3 Bit       Adders := 1     
	   2 Input    2 Bit       Adders := 2     
+---Registers : 
	               29 Bit    Registers := 17    
	               27 Bit    Registers := 26    
	               14 Bit    Registers := 1     
	                9 Bit    Registers := 5     
	                8 Bit    Registers := 3     
	                4 Bit    Registers := 19    
	                3 Bit    Registers := 1     
	                2 Bit    Registers := 3     
	                1 Bit    Registers := 36    
+---RAMs : 
	               6K Bit	(256 X 27 bit)          RAMs := 2     
+---Muxes : 
	   2 Input   29 Bit        Muxes := 7     
	   5 Input   29 Bit        Muxes := 1     
	   8 Input   29 Bit        Muxes := 2     
	   2 Input   27 Bit        Muxes := 18    
	   5 Input   27 Bit        Muxes := 5     
	   8 Input   27 Bit        Muxes := 3     
	   2 Input   26 Bit        Muxes := 4     
	   2 Input   16 Bit        Muxes := 2     
	   4 Input   14 Bit        Muxes := 1     
	   2 Input    9 Bit        Muxes := 5     
	   5 Input    9 Bit        Muxes := 1     
	   8 Input    7 Bit        Muxes := 1     
	   3 Input    6 Bit        Muxes := 2     
	   5 Input    5 Bit        Muxes := 1     
	   2 Input    5 Bit        Muxes := 2     
	   5 Input    4 Bit        Muxes := 2     
	   2 Input    4 Bit        Muxes := 22    
	   8 Input    4 Bit        Muxes := 7     
	   4 Input    4 Bit        Muxes := 1     
	   4 Input    3 Bit        Muxes := 1     
	   2 Input    3 Bit        Muxes := 2     
	   8 Input    3 Bit        Muxes := 1     
	   4 Input    2 Bit        Muxes := 2     
	   2 Input    2 Bit        Muxes := 6     
	   5 Input    2 Bit        Muxes := 1     
	   3 Input    2 Bit        Muxes := 1     
	   2 Input    1 Bit        Muxes := 110   
	   4 Input    1 Bit        Muxes := 9     
	   5 Input    1 Bit        Muxes := 13    
	   8 Input    1 Bit        Muxes := 56    
	   3 Input    1 Bit        Muxes := 1     
---------------------------------------------------------------------------------
Finished RTL Component Statistics 
---------------------------------------------------------------------------------
---------------------------------------------------------------------------------
Start Part Resource Summary
---------------------------------------------------------------------------------
Part Resources:
DSPs: 90 (col length:60)
BRAMs: 100 (col length: RAMB18 60 RAMB36 30)
---------------------------------------------------------------------------------
Finished Part Resource Summary
---------------------------------------------------------------------------------
---------------------------------------------------------------------------------
Start Cross Boundary and Area Optimization
---------------------------------------------------------------------------------
WARNING: [Synth 8-7080] Parallel synthesis criteria is not met
WARNING: [Synth 8-7129] Port fft_data[63] in module chord_pitch_detector is either unconnected or has no load
WARNING: [Synth 8-7129] Port fft_data[62] in module chord_pitch_detector is either unconnected or has no load
WARNING: [Synth 8-7129] Port fft_data[61] in module chord_pitch_detector is either unconnected or has no load
WARNING: [Synth 8-7129] Port fft_data[60] in module chord_pitch_detector is either unconnected or has no load
WARNING: [Synth 8-7129] Port fft_data[59] in module chord_pitch_detector is either unconnected or has no load
WARNING: [Synth 8-7129] Port fft_data[58] in module chord_pitch_detector is either unconnected or has no load
WARNING: [Synth 8-7129] Port fft_data[31] in module chord_pitch_detector is either unconnected or has no load
WARNING: [Synth 8-7129] Port fft_data[30] in module chord_pitch_detector is either unconnected or has no load
WARNING: [Synth 8-7129] Port fft_data[29] in module chord_pitch_detector is either unconnected or has no load
WARNING: [Synth 8-7129] Port fft_data[28] in module chord_pitch_detector is either unconnected or has no load
WARNING: [Synth 8-7129] Port fft_data[27] in module chord_pitch_detector is either unconnected or has no load
WARNING: [Synth 8-7129] Port fft_data[26] in module chord_pitch_detector is either unconnected or has no load
WARNING: [Synth 8-7129] Port fft_data[63] in module harmonic_pitch_detector is either unconnected or has no load
WARNING: [Synth 8-7129] Port fft_data[62] in module harmonic_pitch_detector is either unconnected or has no load
WARNING: [Synth 8-7129] Port fft_data[61] in module harmonic_pitch_detector is either unconnected or has no load
WARNING: [Synth 8-7129] Port fft_data[60] in module harmonic_pitch_detector is either unconnected or has no load
WARNING: [Synth 8-7129] Port fft_data[59] in module harmonic_pitch_detector is either unconnected or has no load
WARNING: [Synth 8-7129] Port fft_data[58] in module harmonic_pitch_detector is either unconnected or has no load
WARNING: [Synth 8-7129] Port fft_data[31] in module harmonic_pitch_detector is either unconnected or has no load
WARNING: [Synth 8-7129] Port fft_data[30] in module harmonic_pitch_detector is either unconnected or has no load
WARNING: [Synth 8-7129] Port fft_data[29] in module harmonic_pitch_detector is either unconnected or has no load
WARNING: [Synth 8-7129] Port fft_data[28] in module harmonic_pitch_detector is either unconnected or has no load
WARNING: [Synth 8-7129] Port fft_data[27] in module harmonic_pitch_detector is either unconnected or has no load
WARNING: [Synth 8-7129] Port fft_data[26] in module harmonic_pitch_detector is either unconnected or has no load
---------------------------------------------------------------------------------
Finished Cross Boundary and Area Optimization : Time (s): cpu = 00:00:32 ; elapsed = 00:00:32 . Memory (MB): peak = 2133.949 ; gain = 677.305 ; free physical = 975 ; free virtual = 36876
---------------------------------------------------------------------------------
---------------------------------------------------------------------------------
Start ROM, RAM, DSP, Shift Register and Retiming Reporting
---------------------------------------------------------------------------------

Block RAM: Preliminary Mapping Report (see note below)
+-----------------+--------------+------------------------+---+---+------------------------+---+---+------------------+--------+--------+
|Module Name      | RTL Object   | PORT A (Depth x Width) | W | R | PORT B (Depth x Width) | W | R | Ports driving FF | RAMB18 | RAMB36 | 
+-----------------+--------------+------------------------+---+---+------------------------+---+---+------------------+--------+--------+
|u_detector       | spectrum_reg | 256 x 27(READ_FIRST)   | W |   | 256 x 27(WRITE_FIRST)  |   | R | Port A and B     | 1      | 0      | 
|u_chord_detector | spectrum_reg | 256 x 27(READ_FIRST)   | W |   | 256 x 27(WRITE_FIRST)  |   | R | Port A and B     | 1      | 0      | 
+-----------------+--------------+------------------------+---+---+------------------------+---+---+------------------+--------+--------+

Note: The table above is a preliminary report that shows the Block RAMs at the current stage of the synthesis flow. Some Block RAMs may be reimplemented as non Block RAM primitives later in the synthesis flow. Multiple instantiated Block RAMs are reported only once. 
---------------------------------------------------------------------------------
Finished ROM, RAM, DSP, Shift Register and Retiming Reporting
---------------------------------------------------------------------------------
---------------------------------------------------------------------------------
Start Applying XDC Timing Constraints
---------------------------------------------------------------------------------
---------------------------------------------------------------------------------
Finished Applying XDC Timing Constraints : Time (s): cpu = 00:00:37 ; elapsed = 00:00:38 . Memory (MB): peak = 2155.949 ; gain = 699.305 ; free physical = 940 ; free virtual = 36855
---------------------------------------------------------------------------------
---------------------------------------------------------------------------------
Start Timing Optimization
---------------------------------------------------------------------------------
---------------------------------------------------------------------------------
Finished Timing Optimization : Time (s): cpu = 00:00:48 ; elapsed = 00:00:48 . Memory (MB): peak = 2257.871 ; gain = 801.227 ; free physical = 1306 ; free virtual = 37110
---------------------------------------------------------------------------------
---------------------------------------------------------------------------------
Start ROM, RAM, DSP, Shift Register and Retiming Reporting
---------------------------------------------------------------------------------

Block RAM: Final Mapping Report
+-----------------+--------------+------------------------+---+---+------------------------+---+---+------------------+--------+--------+
|Module Name      | RTL Object   | PORT A (Depth x Width) | W | R | PORT B (Depth x Width) | W | R | Ports driving FF | RAMB18 | RAMB36 | 
+-----------------+--------------+------------------------+---+---+------------------------+---+---+------------------+--------+--------+
|u_detector       | spectrum_reg | 256 x 27(READ_FIRST)   | W |   | 256 x 27(WRITE_FIRST)  |   | R | Port A and B     | 1      | 0      | 
|u_chord_detector | spectrum_reg | 256 x 27(READ_FIRST)   | W |   | 256 x 27(WRITE_FIRST)  |   | R | Port A and B     | 1      | 0      | 
+-----------------+--------------+------------------------+---+---+------------------------+---+---+------------------+--------+--------+

---------------------------------------------------------------------------------
Finished ROM, RAM, DSP, Shift Register and Retiming Reporting
---------------------------------------------------------------------------------
---------------------------------------------------------------------------------
Start Technology Mapping
---------------------------------------------------------------------------------
INFO: [Synth 8-7052] The timing for the instance u_detector/spectrum_reg (implemented as a Block RAM) might be sub-optimal as no optional output register could be merged into the ram block. Providing additional output register may help in improving timing.
INFO: [Synth 8-7052] The timing for the instance u_chord_detector/spectrum_reg (implemented as a Block RAM) might be sub-optimal as no optional output register could be merged into the ram block. Providing additional output register may help in improving timing.
---------------------------------------------------------------------------------
Finished Technology Mapping : Time (s): cpu = 00:00:49 ; elapsed = 00:00:49 . Memory (MB): peak = 2257.871 ; gain = 801.227 ; free physical = 1313 ; free virtual = 37118
---------------------------------------------------------------------------------
---------------------------------------------------------------------------------
Start IO Insertion
---------------------------------------------------------------------------------
---------------------------------------------------------------------------------
Start Flattening Before IO Insertion
---------------------------------------------------------------------------------
---------------------------------------------------------------------------------
Finished Flattening Before IO Insertion
---------------------------------------------------------------------------------
---------------------------------------------------------------------------------
Start Final Netlist Cleanup
---------------------------------------------------------------------------------
---------------------------------------------------------------------------------
Finished Final Netlist Cleanup
---------------------------------------------------------------------------------
---------------------------------------------------------------------------------
Finished IO Insertion : Time (s): cpu = 00:00:52 ; elapsed = 00:00:52 . Memory (MB): peak = 2373.684 ; gain = 917.039 ; free physical = 1268 ; free virtual = 37073
---------------------------------------------------------------------------------
---------------------------------------------------------------------------------
Start Renaming Generated Instances
---------------------------------------------------------------------------------
---------------------------------------------------------------------------------
Finished Renaming Generated Instances : Time (s): cpu = 00:00:52 ; elapsed = 00:00:52 . Memory (MB): peak = 2373.684 ; gain = 917.039 ; free physical = 1268 ; free virtual = 37072
---------------------------------------------------------------------------------
---------------------------------------------------------------------------------
Start Rebuilding User Hierarchy
---------------------------------------------------------------------------------
---------------------------------------------------------------------------------
Finished Rebuilding User Hierarchy : Time (s): cpu = 00:00:52 ; elapsed = 00:00:53 . Memory (MB): peak = 2373.684 ; gain = 917.039 ; free physical = 1267 ; free virtual = 37072
---------------------------------------------------------------------------------
---------------------------------------------------------------------------------
Start Renaming Generated Ports
---------------------------------------------------------------------------------
---------------------------------------------------------------------------------
Finished Renaming Generated Ports : Time (s): cpu = 00:00:52 ; elapsed = 00:00:53 . Memory (MB): peak = 2373.684 ; gain = 917.039 ; free physical = 1267 ; free virtual = 37072
---------------------------------------------------------------------------------
---------------------------------------------------------------------------------
Start Handling Custom Attributes
---------------------------------------------------------------------------------
---------------------------------------------------------------------------------
Finished Handling Custom Attributes : Time (s): cpu = 00:00:52 ; elapsed = 00:00:53 . Memory (MB): peak = 2376.652 ; gain = 920.008 ; free physical = 1267 ; free virtual = 37072
---------------------------------------------------------------------------------
---------------------------------------------------------------------------------
Start Renaming Generated Nets
---------------------------------------------------------------------------------
---------------------------------------------------------------------------------
Finished Renaming Generated Nets : Time (s): cpu = 00:00:52 ; elapsed = 00:00:53 . Memory (MB): peak = 2376.652 ; gain = 920.008 ; free physical = 1267 ; free virtual = 37072
---------------------------------------------------------------------------------
---------------------------------------------------------------------------------
Start Writing Synthesis Report
---------------------------------------------------------------------------------

Report BlackBoxes: 
+------+--------------+----------+
|      |BlackBox name |Instances |
+------+--------------+----------+
|1     |xfft_0        |         1|
+------+--------------+----------+

Report Cell Usage: 
+------+---------+------+
|      |Cell     |Count |
+------+---------+------+
|1     |xfft     |     1|
|2     |BUFG     |     1|
|3     |CARRY4   |   315|
|4     |LUT1     |   122|
|5     |LUT2     |   637|
|6     |LUT3     |   352|
|7     |LUT4     |   954|
|8     |LUT5     |   305|
|9     |LUT6     |   928|
|10    |MUXF7    |     9|
|11    |RAMB18E1 |     2|
|12    |FDRE     |  1279|
|13    |FDSE     |     1|
|14    |IBUF     |     9|
|15    |OBUF     |    29|
+------+---------+------+
---------------------------------------------------------------------------------
Finished Writing Synthesis Report : Time (s): cpu = 00:00:52 ; elapsed = 00:00:53 . Memory (MB): peak = 2376.652 ; gain = 920.008 ; free physical = 1267 ; free virtual = 37072
---------------------------------------------------------------------------------
Synthesis finished with 0 errors, 0 critical warnings and 25 warnings.
Synthesis Optimization Runtime : Time (s): cpu = 00:00:51 ; elapsed = 00:00:51 . Memory (MB): peak = 2376.652 ; gain = 774.262 ; free physical = 1267 ; free virtual = 37072
Synthesis Optimization Complete : Time (s): cpu = 00:00:52 ; elapsed = 00:00:53 . Memory (MB): peak = 2376.660 ; gain = 920.008 ; free physical = 1267 ; free virtual = 37072
INFO: [Project 1-571] Translating synthesized netlist
Netlist sorting complete. Time (s): cpu = 00:00:00.01 ; elapsed = 00:00:00.02 . Memory (MB): peak = 2376.660 ; gain = 0.000 ; free physical = 1436 ; free virtual = 37240
INFO: [Netlist 29-17] Analyzing 326 Unisim elements for replacement
INFO: [Netlist 29-28] Unisim Transformation completed in 0 CPU seconds
INFO: [Project 1-570] Preparing netlist for logic optimization
INFO: [Opt 31-138] Pushed 0 inverter(s) to 0 load pin(s).
Netlist sorting complete. Time (s): cpu = 00:00:00 ; elapsed = 00:00:00 . Memory (MB): peak = 2432.680 ; gain = 0.000 ; free physical = 1446 ; free virtual = 37250
INFO: [Project 1-111] Unisim Transformation Summary:
No Unisim elements were transformed.

Synth Design complete | Checksum: 57220fd5
INFO: [Common 17-83] Releasing license: Synthesis
49 Infos, 79 Warnings, 1 Critical Warnings and 0 Errors encountered.
synth_design completed successfully
synth_design: Time (s): cpu = 00:01:00 ; elapsed = 00:00:58 . Memory (MB): peak = 2432.680 ; gain = 1026.699 ; free physical = 1446 ; free virtual = 37250
INFO: [Common 17-2834] synth_design peak Physical Memory [PSS] (MB): overall = 1703.721; main = 1595.194; forked = 268.219
INFO: [Common 17-2834] synth_design peak Virtual Memory [VSS] (MB): overall = 3178.766; main = 2432.684; forked = 920.891
INFO: [runtcl-6] Synthesis results are not added to the cache due to CRITICAL_WARNING
Write ShapeDB Complete: Time (s): cpu = 00:00:00.02 ; elapsed = 00:00:00.01 . Memory (MB): peak = 2456.691 ; gain = 0.000 ; free physical = 1445 ; free virtual = 37250
INFO: [Common 17-1381] The checkpoint '/home/user13/Documents/MoonLab/lab_AMD/pitch_fft_voice/pitch_fft_voice.runs/synth_1/pitch_fft_voice_top.dcp' has been generated.
INFO: [Vivado 12-24828] Executing command : report_utilization -file pitch_fft_voice_top_utilization_synth.rpt -pb pitch_fft_voice_top_utilization_synth.pb
INFO: [Common 17-206] Exiting Vivado at Wed Sep 30 11:33:35 2026...
